// Jest Snapshot v1, https://goo.gl/fbAQLP

exports[`Button renders correctly 1`] = `
<button
  className="Button Button_buttonTheme_default Button_buttonSize_m"
  onClick={[Function]}
  type="button"
/>
`;
